1. ĐỌC DỮ LIỆU TỪ MA TRẬN .NPY...
Đã tải xong! Kích thước X: (2000, 64, 129, 1) | Kích thước Y: (2000,)
Check NaN trong X_data: False
Check Inf trong X_data: False
Số lớp 0 (Asthma): 1000
Số lớp 1 (Non-Asthma): 1000
Min/Max toàn bộ X_data: -80.0 0.0

2. CHIA TẬP TRAIN & TEST...

--- KẾT QUẢ CHIA TẬP (Sklearn) ---
Tập Train (Học):        1600 mẫu
Tập Validation (Chỉnh): 200 mẫu
Tập Test (Thi):         200 mẫu
Check NaN trong X_valid sau chuẩn hóa: False
Phân bố nhãn Y_valid: (array([0, 1]), array([100, 100]))

3. CHUẨN HÓA DỮ LIỆU VỀ [0, 1]...
[QUAN TRỌNG - GHI LẠI 2 SỐ NÀY] min_val=-80.0, max_val=0.0

Đã chuẩn hóa xong về [0 1]

4. BẮT ĐẦU CHUYỂN ĐỔI TENSOR...

--- THÔNG TIN TENSOR ĐẦU VÀO ---
Shape: (1600, 64, 129, 1)
Dtype: <dtype: 'float32'>

5. KHỞI TẠO MÔ HÌNH...
WARNING:tensorflow:TensorFlow GPU support is not available on native Windows for TensorFlow >= 2.11. Even if CUDA/cuDNN are installed, GPU will not be used. Please use WSL2 or the TensorFlow-DirectML plugin.

--- MÔ HÌNH ĐÃ ĐƯỢC BIÊN DỊCH THÀNH CÔNG! ---
Optimizer đang dùng: adam
Hàm Loss đang dùng: binary_crossentropy

--- BẢNG TÓM TẮT KIẾN TRÚC MÔ HÌNH ---
Model: "sequential"
┏━━━━━━━━━━━━━━━━━━━━━━━━━━━━━━━━━━━━━━┳━━━━━━━━━━━━━━━━━━━━━━━━━━━━━┳━━━━━━━━━━━━━━━━━┓
┃ Layer (type)                         ┃ Output Shape                ┃         Param # ┃
┡━━━━━━━━━━━━━━━━━━━━━━━━━━━━━━━━━━━━━━╇━━━━━━━━━━━━━━━━━━━━━━━━━━━━━╇━━━━━━━━━━━━━━━━━┩
│ separable_conv2d (SeparableConv2D)   │ (None, 64, 129, 16)         │              41 │
├──────────────────────────────────────┼─────────────────────────────┼─────────────────┤
│ batch_normalization                  │ (None, 64, 129, 16)         │              64 │
│ (BatchNormalization)                 │                             │                 │
├──────────────────────────────────────┼─────────────────────────────┼─────────────────┤
│ max_pooling2d (MaxPooling2D)         │ (None, 32, 64, 16)          │               0 │
├──────────────────────────────────────┼─────────────────────────────┼─────────────────┤
│ separable_conv2d_1 (SeparableConv2D) │ (None, 32, 64, 32)          │             688 │
├──────────────────────────────────────┼─────────────────────────────┼─────────────────┤
│ batch_normalization_1                │ (None, 32, 64, 32)          │             128 │
│ (BatchNormalization)                 │                             │                 │
├──────────────────────────────────────┼─────────────────────────────┼─────────────────┤
│ max_pooling2d_1 (MaxPooling2D)       │ (None, 16, 32, 32)          │               0 │
├──────────────────────────────────────┼─────────────────────────────┼─────────────────┤
│ separable_conv2d_2 (SeparableConv2D) │ (None, 16, 32, 64)          │           2,400 │
├──────────────────────────────────────┼─────────────────────────────┼─────────────────┤
│ batch_normalization_2                │ (None, 16, 32, 64)          │             256 │
│ (BatchNormalization)                 │                             │                 │
├──────────────────────────────────────┼─────────────────────────────┼─────────────────┤
│ max_pooling2d_2 (MaxPooling2D)       │ (None, 8, 16, 64)           │               0 │
├──────────────────────────────────────┼─────────────────────────────┼─────────────────┤
│ flatten (Flatten)                    │ (None, 8192)                │               0 │
├──────────────────────────────────────┼─────────────────────────────┼─────────────────┤
│ dense (Dense)                        │ (None, 64)                  │         524,352 │
├──────────────────────────────────────┼─────────────────────────────┼─────────────────┤
│ dropout (Dropout)                    │ (None, 64)                  │               0 │
├──────────────────────────────────────┼─────────────────────────────┼─────────────────┤
│ dense_1 (Dense)                      │ (None, 1)                   │              65 │
└──────────────────────────────────────┴─────────────────────────────┴─────────────────┘
 Total params: 527,994 (2.01 MB)
 Trainable params: 527,770 (2.01 MB)
 Non-trainable params: 224 (896.00 B)
Class weights: {0: np.float64(1.0), 1: np.float64(1.0)}

-> Đã huấn luyện xong và lưu bản gốc Bin_Asthma.keras!

7. ĐÁNH GIÁ EVALUATION...
7/7 ━━━━━━━━━━━━━━━━━━━━ 0s 17ms/step - accuracy: 0.9600 - loss: 0.1507
Test Loss    : 0.1507
Test Accuracy: 0.9600 (96.00%)

--- CHI TIẾT MA TRẬN NHẦM LẪN (CONFUSION MATRIX) ---
7/7 ━━━━━━━━━━━━━━━━━━━━ 0s 26ms/step
[[95  5]
 [ 3 97]]

--- BÁO CÁO PHÂN LOẠI (CLASSIFICATION REPORT) ---
              precision    recall  f1-score   support

      Asthma       0.97      0.95      0.96       100
  Non-Asthma       0.95      0.97      0.96       100

    accuracy                           0.96       200
   macro avg       0.96      0.96      0.96       200
weighted avg       0.96      0.96      0.96       200